#
# There is insufficient memory for the Java Runtime Environment to continue.
# Native memory allocation (mmap) failed to map 134217728 bytes for G1 virtual space
# Possible reasons:
#   The system is out of physical RAM or swap space
#   The process is running with CompressedOops enabled, and the Java Heap may be blocking the growth of the native heap
# Possible solutions:
#   Reduce memory load on the system
#   Increase physical memory or swap space
#   Check if swap backing store is full
#   Decrease Java heap size (-Xmx/-Xms)
#   Decrease number of Java threads
#   Decrease Java thread stack sizes (-Xss)
#   Set larger code cache with -XX:ReservedCodeCacheSize=
#   JVM is running with Unscaled Compressed Oops mode in which the Java heap is
#     placed in the first 4GB address space. The Java Heap base address is the
#     maximum limit for the native heap growth. Please use -XX:HeapBaseMinAddress
#     to set the Java Heap base and to place the Java Heap above 4GB virtual address.
# This output file may be truncated or incomplete.
#
#  Out of Memory Error (os_windows.cpp:3550), pid=148, tid=10896
#
# JRE version:  (17.0.8+9) (build )
# Java VM: Java HotSpot(TM) 64-Bit Server VM (17.0.8+9-LTS-211, mixed mode, sharing, tiered, compressed oops, compressed class ptrs, g1 gc, windows-amd64)
# No core dump will be written. Minidumps are not enabled by default on client versions of Windows
#

---------------  S U M M A R Y ------------

Command Line: -Dfile.encoding=UTF-8 -XX:+ShowCodeDetailsInExceptionMessages test.PracticeTests.VeggieCart

Host: Intel(R) Core(TM) i5-8250U CPU @ 1.60GHz, 8 cores, 7G,  Windows 10 , 64 bit Build 19041 (10.0.19041.5198)
Time: Sat Dec 14 22:02:11 2024 India Standard Time elapsed time: 0.011042 seconds (0d 0h 0m 0s)

---------------  T H R E A D  ---------------

Current thread (0x000001add4eb0350):  JavaThread "Unknown thread" [_thread_in_vm, id=10896, stack(0x0000008410700000,0x0000008410800000)]

Stack: [0x0000008410700000,0x0000008410800000]
Native frames: (J=compiled Java code, j=interpreted, Vv=VM code, C=native code)
V  [jvm.dll+0x677d0a]
V  [jvm.dll+0x7d8c54]
V  [jvm.dll+0x7da3fe]
V  [jvm.dll+0x7daa63]
V  [jvm.dll+0x245c5f]
V  [jvm.dll+0x674bb9]
V  [jvm.dll+0x6694f2]
V  [jvm.dll+0x3031d6]
V  [jvm.dll+0x30a756]
V  [jvm.dll+0x359f9e]
V  [jvm.dll+0x35a1cf]
V  [jvm.dll+0x2da3e8]
V  [jvm.dll+0x2db354]
V  [jvm.dll+0x7aa711]
V  [jvm.dll+0x367b51]
V  [jvm.dll+0x789979]
V  [jvm.dll+0x3eb05f]
V  [jvm.dll+0x3ecae1]
C  [jli.dll+0x5297]
C  [ucrtbase.dll+0x21bb2]
C  [KERNEL32.DLL+0x17374]
C  [ntdll.dll+0x4cc91]


---------------  P R O C E S S  ---------------

Threads class SMR info:
_java_thread_list=0x00007ffcd25c59d8, length=0, elements={
}

Java Threads: ( => current thread )

Other Threads:
  0x000001add4f0b200 GCTaskThread "GC Thread#0" [stack: 0x0000008410800000,0x0000008410900000] [id=27456]
  0x000001add4f1dcf0 ConcurrentGCThread "G1 Main Marker" [stack: 0x0000008410900000,0x0000008410a00000] [id=9344]
  0x000001add4f1fdd0 ConcurrentGCThread "G1 Conc#0" [stack: 0x0000008410a00000,0x0000008410b00000] [id=5660]

[error occurred during error reporting (printing all threads), id 0xc0000005, EXCEPTION_ACCESS_VIOLATION (0xc0000005) at pc=0x00007ffcd1dfb047]

VM state: not at safepoint (not fully initialized)

VM Mutex/Monitor currently owned by a thread:  ([mutex/lock_event])
[0x000001add4eace20] Heap_lock - owner thread: 0x000001add4eb0350

Heap address: 0x0000000081c00000, size: 2020 MB, Compressed Oops mode: 32-bit

CDS archive(s) mapped at: [0x0000000000000000-0x0000000000000000-0x0000000000000000), size 0, SharedBaseAddress: 0x0000000800000000, ArchiveRelocationMode: 1.
Narrow klass base: 0x0000000000000000, Narrow klass shift: 0, Narrow klass range: 0x0

GC Precious Log:
<Empty>

Heap:
 garbage-first heap   total 0K, used 0K [0x0000000081c00000, 0x0000000100000000)
  region size 1024K, 0 young (0K), 0 survivors (0K)

[error occurred during error reporting (printing heap information), id 0xc0000005, EXCEPTION_ACCESS_VIOLATION (0xc0000005) at pc=0x00007ffcd21e1499]

GC Heap History (0 events):
No events

Deoptimization events (0 events):
No events

Classes unloaded (0 events):
No events

Classes redefined (0 events):
No events

Internal exceptions (0 events):
No events

VM Operations (0 events):
No events

Events (1 events):
Event: 0.007 Loaded shared library C:\Program Files\Java\jdk-17\bin\java.dll


Dynamic libraries:
0x00007ff666580000 - 0x00007ff666590000 	C:\Program Files\Java\jdk-17\bin\javaw.exe
0x00007ffd16ef0000 - 0x00007ffd170e8000 	C:\Windows\SYSTEM32\ntdll.dll
0x00007ffd16020000 - 0x00007ffd160e2000 	C:\Windows\System32\KERNEL32.DLL
0x00007ffd14980000 - 0x00007ffd14c7e000 	C:\Windows\System32\KERNELBASE.dll
0x00007ffd14590000 - 0x00007ffd14690000 	C:\Windows\System32\ucrtbase.dll
0x00007ffd02ee0000 - 0x00007ffd02efb000 	C:\Program Files\Java\jdk-17\bin\VCRUNTIME140.dll
0x00007ffd00320000 - 0x00007ffd00339000 	C:\Program Files\Java\jdk-17\bin\jli.dll
0x00007ffd15a40000 - 0x00007ffd15af1000 	C:\Windows\System32\ADVAPI32.dll
0x00007ffd15f80000 - 0x00007ffd1601e000 	C:\Windows\System32\msvcrt.dll
0x00007ffd15ee0000 - 0x00007ffd15f7f000 	C:\Windows\System32\sechost.dll
0x00007ffd16560000 - 0x00007ffd16683000 	C:\Windows\System32\RPCRT4.dll
0x00007ffd14d20000 - 0x00007ffd14d47000 	C:\Windows\System32\bcrypt.dll
0x00007ffd161b0000 - 0x00007ffd1634d000 	C:\Windows\System32\USER32.dll
0x00007ffd079e0000 - 0x00007ffd07c7a000 	C:\Windows\WinSxS\amd64_microsoft.windows.common-controls_6595b64144ccf1df_6.0.19041.4355_none_60b8b9eb71f62e16\COMCTL32.dll
0x00007ffd14d50000 - 0x00007ffd14d72000 	C:\Windows\System32\win32u.dll
0x00007ffd15e20000 - 0x00007ffd15e4b000 	C:\Windows\System32\GDI32.dll
0x00007ffd14690000 - 0x00007ffd147a7000 	C:\Windows\System32\gdi32full.dll
0x00007ffd14c80000 - 0x00007ffd14d1d000 	C:\Windows\System32\msvcp_win.dll
0x00007ffd0d5a0000 - 0x00007ffd0d5aa000 	C:\Windows\SYSTEM32\VERSION.dll
0x00007ffd16e80000 - 0x00007ffd16eaf000 	C:\Windows\System32\IMM32.DLL
0x00007ffd0f340000 - 0x00007ffd0f34c000 	C:\Program Files\Java\jdk-17\bin\vcruntime140_1.dll
0x00007ffcef630000 - 0x00007ffcef6be000 	C:\Program Files\Java\jdk-17\bin\msvcp140.dll
0x00007ffcd1b10000 - 0x00007ffcd26ee000 	C:\Program Files\Java\jdk-17\bin\server\jvm.dll
0x00007ffd16d30000 - 0x00007ffd16d38000 	C:\Windows\System32\PSAPI.DLL
0x00007ffd00750000 - 0x00007ffd00777000 	C:\Windows\SYSTEM32\WINMM.dll
0x00007ffcfc190000 - 0x00007ffcfc199000 	C:\Windows\SYSTEM32\WSOCK32.dll
0x00007ffd16770000 - 0x00007ffd167db000 	C:\Windows\System32\WS2_32.dll
0x00007ffd12dc0000 - 0x00007ffd12dd2000 	C:\Windows\SYSTEM32\kernel.appcore.dll
0x00007ffd0d220000 - 0x00007ffd0d22a000 	C:\Program Files\Java\jdk-17\bin\jimage.dll
0x00007ffcf2020000 - 0x00007ffcf2204000 	C:\Windows\SYSTEM32\DBGHELP.DLL
0x00007ffcf1fe0000 - 0x00007ffcf2014000 	C:\Windows\SYSTEM32\dbgcore.DLL
0x00007ffd14d80000 - 0x00007ffd14e02000 	C:\Windows\System32\bcryptPrimitives.dll
0x00007ffcf6e50000 - 0x00007ffcf6e75000 	C:\Program Files\Java\jdk-17\bin\java.dll

dbghelp: loaded successfully - version: 4.0.5 - missing functions: none
symbol engine: initialized successfully - sym options: 0x614 - pdb path: .;C:\Program Files\Java\jdk-17\bin;C:\Windows\SYSTEM32;C:\Windows\WinSxS\amd64_microsoft.windows.common-controls_6595b64144ccf1df_6.0.19041.4355_none_60b8b9eb71f62e16;C:\Program Files\Java\jdk-17\bin\server

VM Arguments:
jvm_args: -Dfile.encoding=UTF-8 -XX:+ShowCodeDetailsInExceptionMessages 
java_command: test.PracticeTests.VeggieCart
java_class_path (initial): S:\Practicespace\Practice-Automation\target\test-classes;S:\Practicespace\Practice-Automation\target\classes;C:\Users\Sourabh Sahil\.m2\repository\org\seleniumhq\selenium\selenium-java\4.15.0\selenium-java-4.15.0.jar;C:\Users\Sourabh Sahil\.m2\repository\org\seleniumhq\selenium\selenium-api\4.15.0\selenium-api-4.15.0.jar;C:\Users\Sourabh Sahil\.m2\repository\org\seleniumhq\selenium\selenium-chrome-driver\4.15.0\selenium-chrome-driver-4.15.0.jar;C:\Users\Sourabh Sahil\.m2\repository\com\google\auto\service\auto-service-annotations\1.1.1\auto-service-annotations-1.1.1.jar;C:\Users\Sourabh Sahil\.m2\repository\org\seleniumhq\selenium\selenium-chromium-driver\4.15.0\selenium-chromium-driver-4.15.0.jar;C:\Users\Sourabh Sahil\.m2\repository\org\seleniumhq\selenium\selenium-json\4.15.0\selenium-json-4.15.0.jar;C:\Users\Sourabh Sahil\.m2\repository\org\seleniumhq\selenium\selenium-manager\4.15.0\selenium-manager-4.15.0.jar;C:\Users\Sourabh Sahil\.m2\repository\org\seleniumhq\selenium\selenium-devtools-v117\4.15.0\selenium-devtools-v117-4.15.0.jar;C:\Users\Sourabh Sahil\.m2\repository\org\seleniumhq\selenium\selenium-devtools-v118\4.15.0\selenium-devtools-v118-4.15.0.jar;C:\Users\Sourabh Sahil\.m2\repository\org\seleniumhq\selenium\selenium-devtools-v119\4.15.0\selenium-devtools-v119-4.15.0.jar;C:\Users\Sourabh Sahil\.m2\repository\org\seleniumhq\selenium\selenium-devtools-v85\4.15.0\selenium-devtools-v85-4.15.0.jar;C:\Users\Sourabh Sahil\.m2\repository\org\seleniumhq\selenium\selenium-edge-driver\4.15.0\selenium-edge-driver-4.15.0.jar;C:\Users\Sourabh Sahil\.m2\repository\org\seleniumhq\selenium\selenium-firefox-driver\4.15.0\selenium-firefox-driver-4.15.0.jar;C:\Users\Sourabh Sahil\.m2\repository\org\seleniumhq\selenium\selenium-http\4.15.0\selenium-http-4.15.0.jar;C:\Users\Sourabh Sahil\.m2\repository\dev\failsafe\failsafe\3.3.2\failsafe-3.3.2.jar;C:\Users\Sourabh Sahil\.m2\repository\org\seleniumhq\selenium\selenium-ie-driver\4.15.0\selenium-
Launcher Type: SUN_STANDARD

[Global flags]
     intx CICompilerCount                          = 4                                         {product} {ergonomic}
     uint ConcGCThreads                            = 2                                         {product} {ergonomic}
     uint G1ConcRefinementThreads                  = 8                                         {product} {ergonomic}
   size_t G1HeapRegionSize                         = 1048576                                   {product} {ergonomic}
    uintx GCDrainStackTargetSize                   = 64                                        {product} {ergonomic}
   size_t InitialHeapSize                          = 134217728                                 {product} {ergonomic}
   size_t MarkStackSize                            = 4194304                                   {product} {ergonomic}
   size_t MaxHeapSize                              = 2118123520                                {product} {ergonomic}
   size_t MinHeapDeltaBytes                        = 1048576                                   {product} {ergonomic}
   size_t MinHeapSize                              = 8388608                                   {product} {ergonomic}
    uintx NonNMethodCodeHeapSize                   = 5839372                                {pd product} {ergonomic}
    uintx NonProfiledCodeHeapSize                  = 122909434                              {pd product} {ergonomic}
    uintx ProfiledCodeHeapSize                     = 122909434                              {pd product} {ergonomic}
    uintx ReservedCodeCacheSize                    = 251658240                              {pd product} {ergonomic}
     bool SegmentedCodeCache                       = true                                      {product} {ergonomic}
     bool ShowCodeDetailsInExceptionMessages       = true                                   {manageable} {command line}
   size_t SoftMaxHeapSize                          = 2118123520                             {manageable} {ergonomic}
     bool UseCompressedClassPointers               = true                           {product lp64_product} {ergonomic}
     bool UseCompressedOops                        = true                           {product lp64_product} {ergonomic}
     bool UseG1GC                                  = true                                      {product} {ergonomic}
     bool UseLargePagesIndividualAllocation        = false                                  {pd product} {ergonomic}

Logging:
Log output configuration:
 #0: stdout all=warning uptime,level,tags
 #1: stderr all=off uptime,level,tags

Environment Variables:
JAVA_HOME=C:\Program Files\Java\jdk-17
PATH=C:\Program Files\Common Files\Oracle\Java\javapath;C:\Windows\system32;C:\Windows;C:\Windows\System32\Wbem;C:\Windows\System32\WindowsPowerShell\v1.0\;C:\Windows\System32\OpenSSH\;C:\Program Files (x86)\NVIDIA Corporation\PhysX\Common;C:\Program Files\Git\cmd;C:\Program Files\Java\jdk-17\bin;C:\Program Files\Maven\apache-maven-3.9.5\bin;;C:\Program Files\Docker\Docker\resources\bin
USERNAME=Sourabh Sahil
OS=Windows_NT
PROCESSOR_IDENTIFIER=Intel64 Family 6 Model 142 Stepping 10, GenuineIntel



---------------  S Y S T E M  ---------------

OS:
 Windows 10 , 64 bit Build 19041 (10.0.19041.5198)
OS uptime: 2 days 0:21 hours
Hyper-V role detected

CPU: total 8 (initial active 8) (4 cores per cpu, 2 threads per core) family 6 model 142 stepping 10 microcode 0xb4, cx8, cmov, fxsr, ht, mmx, 3dnowpref, sse, sse2, sse3, ssse3, sse4.1, sse4.2, popcnt, lzcnt, tsc, tscinvbit, avx, avx2, aes, erms, clmul, bmi1, bmi2, adx, fma, vzeroupper, clflush, clflushopt, hv

Memory: 4k page, system-wide physical 8078M (661M free)
TotalPageFile size 24637M (AvailPageFile size 9M)
current process WorkingSet (physical memory assigned to process): 10M, peak: 10M
current process commit charge ("private bytes"): 60M, peak: 188M

vm_info: Java HotSpot(TM) 64-Bit Server VM (17.0.8+9-LTS-211) for windows-amd64 JRE (17.0.8+9-LTS-211), built on Jun 14 2023 10:34:31 by "mach5one" with MS VC++ 17.1 (VS2022)

END.
