[DEBUG] 2025-03-29 12:04:28.532 [main] PackageRelationshipCollection - Parsing relationship: /xl/_rels/workbook.xml.rels
[DEBUG] 2025-03-29 12:04:28.554 [main] PackageRelationshipCollection - Parsing relationship: /_rels/.rels
[DEBUG] 2025-03-29 12:04:29.616 [main] POIXMLFactory - using default POIXMLDocumentPart for http://schemas.openxmlformats.org/officeDocument/2006/relationships/sheetMetadata
[DEBUG] 2025-03-29 12:04:29.889 [main] PackageRelationshipCollection - Parsing relationship: /xl/_rels/workbook.xml.rels
[DEBUG] 2025-03-29 12:04:29.893 [main] PackageRelationshipCollection - Parsing relationship: /_rels/.rels
[DEBUG] 2025-03-29 12:04:29.925 [main] POIXMLFactory - using default POIXMLDocumentPart for http://schemas.openxmlformats.org/officeDocument/2006/relationships/sheetMetadata
[DEBUG] 2025-03-29 12:04:29.994 [main] PackageRelationshipCollection - Parsing relationship: /xl/_rels/workbook.xml.rels
[DEBUG] 2025-03-29 12:04:30.001 [main] PackageRelationshipCollection - Parsing relationship: /_rels/.rels
[DEBUG] 2025-03-29 12:04:30.034 [main] POIXMLFactory - using default POIXMLDocumentPart for http://schemas.openxmlformats.org/officeDocument/2006/relationships/sheetMetadata
[DEBUG] 2025-03-29 12:04:30.224 [main] ZipPackage - Save content types part
[DEBUG] 2025-03-29 12:04:30.417 [main] ZipPackage - Save package relationships
[DEBUG] 2025-03-29 12:04:30.429 [main] ZipPackage - Save part 'docProps/app.xml'
[DEBUG] 2025-03-29 12:04:30.432 [main] ZipPackage - Save part 'docProps/core.xml'
[DEBUG] 2025-03-29 12:04:30.456 [main] ZipPackage - Save part 'xl/metadata.xml'
[DEBUG] 2025-03-29 12:04:30.458 [main] ZipPackage - Save part 'xl/sharedStrings.xml'
[DEBUG] 2025-03-29 12:04:30.459 [main] ZipPackage - Save part 'xl/styles.xml'
[DEBUG] 2025-03-29 12:04:30.461 [main] ZipPackage - Save part 'xl/theme/theme1.xml'
[DEBUG] 2025-03-29 12:04:30.465 [main] ZipPackage - Save part 'xl/workbook.xml'
[DEBUG] 2025-03-29 12:04:30.474 [main] ZipPackage - Save part 'xl/worksheets/sheet1.xml'
[DEBUG] 2025-03-29 12:04:30.509 [main] PackageRelationshipCollection - Parsing relationship: /xl/_rels/workbook.xml.rels
[DEBUG] 2025-03-29 12:04:30.517 [main] PackageRelationshipCollection - Parsing relationship: /_rels/.rels
[DEBUG] 2025-03-29 12:04:30.536 [main] POIXMLFactory - using default POIXMLDocumentPart for http://schemas.openxmlformats.org/officeDocument/2006/relationships/sheetMetadata
[DEBUG] 2025-03-29 12:04:30.595 [main] ZipPackage - Save content types part
[DEBUG] 2025-03-29 12:04:30.606 [main] ZipPackage - Save package relationships
[DEBUG] 2025-03-29 12:04:30.611 [main] ZipPackage - Save part 'docProps/app.xml'
[DEBUG] 2025-03-29 12:04:30.613 [main] ZipPackage - Save part 'docProps/core.xml'
[DEBUG] 2025-03-29 12:04:30.618 [main] ZipPackage - Save part 'xl/metadata.xml'
[DEBUG] 2025-03-29 12:04:30.620 [main] ZipPackage - Save part 'xl/sharedStrings.xml'
[DEBUG] 2025-03-29 12:04:30.621 [main] ZipPackage - Save part 'xl/styles.xml'
[DEBUG] 2025-03-29 12:04:30.623 [main] ZipPackage - Save part 'xl/theme/theme1.xml'
[DEBUG] 2025-03-29 12:04:30.625 [main] ZipPackage - Save part 'xl/workbook.xml'
[DEBUG] 2025-03-29 12:04:30.629 [main] ZipPackage - Save part 'xl/worksheets/sheet1.xml'
